../Core/Src/main.c:101:5:main	584	dynamic
../Core/Src/main.c:270:6:SystemClock_Config	96	static
../Core/Src/main.c:330:6:PeriphCommonClock_Config	160	static
../Core/Src/main.c:357:13:MX_ADC1_Init	32	static
../Core/Src/main.c:415:13:MX_DFSDM1_Init	8	static
../Core/Src/main.c:453:13:MX_I2C1_Init	8	static
../Core/Src/main.c:501:13:MX_I2C2_Init	8	static
../Core/Src/main.c:549:13:MX_OCTOSPI1_Init	32	static
../Core/Src/main.c:597:13:MX_SPI1_Init	8	static
../Core/Src/main.c:637:13:MX_SPI3_Init	8	static
../Core/Src/main.c:677:13:MX_UART4_Init	8	static
../Core/Src/main.c:725:13:MX_USART1_UART_Init	8	static
../Core/Src/main.c:773:13:MX_USART2_UART_Init	8	static
../Core/Src/main.c:821:13:MX_USART3_UART_Init	8	static
../Core/Src/main.c:869:13:MX_USB_OTG_FS_USB_Init	4	static
../Core/Src/main.c:890:13:MX_GPIO_Init	56	static
../Core/Src/main.c:1029:6:Error_Handler	4	static,ignoring_inline_asm
