../Core/Src/main.c:174:7:KalmanFilter	40	static
../Core/Src/main.c:99:5:main	520	dynamic
../Core/Src/main.c:238:6:SystemClock_Config	96	static
../Core/Src/main.c:298:6:PeriphCommonClock_Config	160	static
../Core/Src/main.c:325:13:MX_ADC1_Init	32	static
../Core/Src/main.c:383:13:MX_DFSDM1_Init	8	static
../Core/Src/main.c:421:13:MX_I2C1_Init	8	static
../Core/Src/main.c:469:13:MX_I2C2_Init	8	static
../Core/Src/main.c:517:13:MX_OCTOSPI1_Init	32	static
../Core/Src/main.c:565:13:MX_SPI1_Init	8	static
../Core/Src/main.c:605:13:MX_SPI3_Init	8	static
../Core/Src/main.c:645:13:MX_UART4_Init	8	static
../Core/Src/main.c:693:13:MX_USART1_UART_Init	8	static
../Core/Src/main.c:741:13:MX_USART2_UART_Init	8	static
../Core/Src/main.c:789:13:MX_USART3_UART_Init	8	static
../Core/Src/main.c:837:13:MX_USB_OTG_FS_USB_Init	4	static
../Core/Src/main.c:858:13:MX_GPIO_Init	56	static
../Core/Src/main.c:997:6:Error_Handler	4	static,ignoring_inline_asm
